../Core/Src/main.c:74:5:__io_putchar	16	static
../Core/Src/main.c:87:5:main	16	static
../Core/Src/main.c:157:6:SystemClock_Config	120	static
../Core/Src/main.c:208:13:MX_I2C1_Init	8	static
../Core/Src/main.c:256:13:MX_TIM1_Init	104	static
../Core/Src/main.c:331:13:MX_USART2_UART_Init	8	static
../Core/Src/main.c:381:13:MX_USART3_UART_Init	8	static
../Core/Src/main.c:429:13:MX_GPIO_Init	56	static
../Core/Src/main.c:523:6:MPU_Config	24	static
../Core/Src/main.c:554:6:Error_Handler	4	static,ignoring_inline_asm
