../Core/Src/wit_c_sdk.c:62:17:__CRC16	32	static
../Core/Src/wit_c_sdk.c:78:16:__CaliSum	24	static
../Core/Src/wit_c_sdk.c:85:9:WitSerialWriteRegister	16	static
../Core/Src/wit_c_sdk.c:91:13:CopeWitData	48	static
../Core/Src/wit_c_sdk.c:133:6:WitSerialDataIn	32	static
../Core/Src/wit_c_sdk.c:201:9:WitI2cFuncRegister	16	static
../Core/Src/wit_c_sdk.c:209:9:WitCanWriteRegister	16	static
../Core/Src/wit_c_sdk.c:215:6:WitCanDataIn	24	static
../Core/Src/wit_c_sdk.c:235:9:WitRegisterCallBack	16	static
../Core/Src/wit_c_sdk.c:241:9:WitWriteReg	40	static
../Core/Src/wit_c_sdk.c:293:9:WitReadReg	40	static
../Core/Src/wit_c_sdk.c:357:9:WitInit	16	static
../Core/Src/wit_c_sdk.c:365:6:WitDeInit	4	static
../Core/Src/wit_c_sdk.c:377:9:WitDelayMsRegister	16	static
../Core/Src/wit_c_sdk.c:384:6:CheckRange	16	static
../Core/Src/wit_c_sdk.c:390:9:WitStartAccCali	8	static
../Core/Src/wit_c_sdk.c:400:9:WitStopAccCali	8	static
../Core/Src/wit_c_sdk.c:408:9:WitStartMagCali	8	static
../Core/Src/wit_c_sdk.c:415:9:WitStopMagCali	8	static
../Core/Src/wit_c_sdk.c:423:9:WitSetUartBaud	16	static
../Core/Src/wit_c_sdk.c:435:9:WitBandwidth	16	static
../Core/Src/wit_c_sdk.c:448:9:WitOutputRate	16	static
../Core/Src/wit_c_sdk.c:461:9:WitSetContent	16	static
../Core/Src/wit_c_sdk.c:472:9:WitIICAddr	16	static
